INFO:root:log this line of execution
INFO:root:this is my print
INFO:root:log this line of execution
INFO:root:this is my print
WARNING:root:this is my warning
ERROR:root:this is my error
ERROR:root:this is my error
INFO:root:this is my info msg
ERROR:root:this my error msg
CRITICAL:root:this my critical msg
INFO:root:this is my info msg
ERROR:root:this my error msg
CRITICAL:root:this my critical msg
